<?xml version="1.0" encoding="UTF-8"?>
<testsuites name="jest tests" tests="2" failures="0" errors="0" time="1.156">
  <testsuite name="AuiSubscriberDetailsCallFlow" errors="0" failures="0" skipped="0" timestamp="2026-09-21T11:24:24" time="0.737" tests="2">
    <testcase classname="AuiSubscriberDetailsCallFlow loads the call flow for the call in the route on mount" name="AuiSubscriberDetailsCallFlow loads the call flow for the call in the route on mount" time="0.039">
    </testcase>
    <testcase classname="AuiSubscriberDetailsCallFlow reloads the call flow when the route navigates to a different call" name="AuiSubscriberDetailsCallFlow reloads the call flow when the route navigates to a different call" time="0.017">
    </testcase>
  </testsuite>
</testsuites>